stm32f446xx_spi_driver.c:14:13:spi_txe_interrupt_handle	16	static
stm32f446xx_spi_driver.c:37:13:spi_rxne_interrupt_handle	16	static
stm32f446xx_spi_driver.c:60:13:spi_overrun_interrupt_handle	16	static
stm32f446xx_spi_driver.c:76:9:SPI_GetFlagStatus	16	static
stm32f446xx_spi_driver.c:102:6:SPI_SendData	24	static
stm32f446xx_spi_driver.c:124:6:SPI_ReceiveData	24	static
stm32f446xx_spi_driver.c:146:9:SPI_SendDataIt	32	static
stm32f446xx_spi_driver.c:166:9:SPI_ReceiveDataIt	32	static
stm32f446xx_spi_driver.c:203:6:SPI_PeriClockControl	16	static
stm32f446xx_spi_driver.c:224:6:SPI_Init	24	static
stm32f446xx_spi_driver.c:315:6:SPI_DeInit	16	static
stm32f446xx_spi_driver.c:326:6:SPI_PeripheralEnableConfig	16	static
stm32f446xx_spi_driver.c:342:6:SPI_SsiConfig	16	static
stm32f446xx_spi_driver.c:356:6:SPI_IrqInteruptConfig	24	static
stm32f446xx_spi_driver.c:378:6:SPI_IrqPriorityConfig	24	static
stm32f446xx_spi_driver.c:393:6:SPI_IrqHandling	24	static
stm32f446xx_spi_driver.c:428:6:SPI_ClearOverrunFlag	24	static
stm32f446xx_spi_driver.c:436:6:SPI_CloseTransmission	16	static
stm32f446xx_spi_driver.c:443:6:SPI_CloseReception	16	static
stm32f446xx_spi_driver.c:455:13:SPI_ApplicationEventCallback	16	static
